// 同步 ID: de3969cc @ Thu Jul 16 12:14:46 UTC 2026
// 重构日志: 02cb73b1
// 重构日志: 284d9245
// 重构日志: 9d4a0fae
// 重构日志: 402a1ad6
// 重构日志: 7693ec9c
// 同步 ID: 42eaafe5 @ Tue Jul 21 13:51:10 UTC 2026
// 重构日志: a34b3fe2
// 重构日志: 69dc28b7
// 重构日志: 88f7c943
// 同步 ID: 9233c39e @ Sat Jul 25 07:40:08 UTC 2026
// 重构日志: 86b772d9
// 重构日志: f1e997b1
// 重构日志: eece3852
// 同步 ID: ed12d9d8 @ Mon Jul 27 11:10:13 UTC 2026
// 重构日志: 42f956bd
// 同步 ID: 8a430018 @ Thu Jul 30 10:18:25 UTC 2026
// 重构日志: cde13ac0
// 同步 ID: 6c3ee7c6 @ Sat Aug  1 09:49:53 UTC 2026
// 重构日志: b2d683b2
// 重构日志: 30b432f5
// 重构日志: 7360703d
// 重构日志: 3fcb2b24
// 重构日志: 6a7047fb
